// Vitest Snapshot v1, https://vitest.dev/guide/snapshot.html

exports[`custom embeds and assets > should render specific mimeType if favour of the mimeType group 1`] = `
<body>
  <!---->
  <!---->
  <!---->
  <!---->
  <!---->
  <!---->
  
  
  
  
  
  <!---->
  <!---->
  <!---->
  <!---->
  <!---->
  
  
  
  
  
  <!---->
  <!---->
  <!---->
  <!---->
  <!---->
  <!---->
  <img
    loading="lazy"
    title=""
  />
  
  
  
  
  
  
  <!---->
  <!---->
  <!---->
  <!---->
  <!---->
  <!---->
  <div>
    custom video/mp4
  </div>
  
  
  
  
  
  
  <!---->
  <!---->
  <!---->
  <!---->
  <!---->
  <!---->
  <audio
    controls=""
    src="https://media.graphassets.com/H9eZ7CISSBpAKxqdSwzg"
    style="display: block; max-width: 100%; height: auto;"
  >
    <p>
      Your browser doesn't support HTML5 audio. Here is a 
      <a
        href="https://media.graphassets.com/H9eZ7CISSBpAKxqdSwzg"
      >
        link to the audio
      </a>
       instead.
    </p>
  </audio>
  
  
  
  
  
  
  <!---->
  <!---->
  <!---->
  <!---->
  <!---->
  
  
  
  
  
  <!---->
  <!---->
  <!---->
  <!---->
  <!---->
  
  
  
  
  
  <!---->
  <!---->
  <!---->
  <!---->
  <!---->
  
  
  
  
  
  
  
</body>
`;

exports[`custom embeds and assets > should render video, image, and audio assets 1`] = `
<body>
  <!---->
  <!---->
  <!---->
  <!---->
  <!---->
  <!---->
  
  
  
  
  
  <!---->
  <!---->
  <!---->
  <!---->
  <!---->
  
  
  
  
  
  <!---->
  <!---->
  <!---->
  <!---->
  <!---->
  <!---->
  <img
    loading="lazy"
    title=""
  />
  
  
  
  
  
  
  <!---->
  <!---->
  <!---->
  <!---->
  <!---->
  <!---->
  <video
    controls=""
    height="100%"
    src=""
    title=""
    width="100%"
  >
    <p>
      Your browser doesn't support HTML5 video. Here is a  
      <a
        href=""
      >
        link to the video
      </a>
       instead.
    </p>
  </video>
  
  
  
  
  
  
  <!---->
  <!---->
  <!---->
  <!---->
  <!---->
  <!---->
  <audio
    controls=""
    src="https://media.graphassets.com/H9eZ7CISSBpAKxqdSwzg"
    style="display: block; max-width: 100%; height: auto;"
  >
    <p>
      Your browser doesn't support HTML5 audio. Here is a 
      <a
        href="https://media.graphassets.com/H9eZ7CISSBpAKxqdSwzg"
      >
        link to the audio
      </a>
       instead.
    </p>
  </audio>
  
  
  
  
  
  
  <!---->
  <!---->
  <!---->
  <!---->
  <!---->
  
  
  
  
  
  <!---->
  <!---->
  <!---->
  <!---->
  <!---->
  
  
  
  
  
  <!---->
  <!---->
  <!---->
  <!---->
  <!---->
  
  
  
  
  
  
  
</body>
`;

exports[`rich-text-svelte-renderer > removes the width and height attributes if they are set to 0 1`] = `
<body>
  <!---->
  <!---->
  <!---->
  <!---->
  <!---->
  <!---->
  <!---->
  <!---->
  <!---->
  <!---->
  <img
    loading="lazy"
    src="https://media.graphassets.com/bFyCrmvuQfO7n0l5ZmH5"
    title="logo.svg"
  />
  
  
  
  
  
  
  
  
  
  
  
</body>
`;

exports[`rich-text-svelte-renderer > renders class 1`] = `
<body>
  <!---->
  <!---->
  <!---->
  <!---->
  <!---->
  <!---->
  <!---->
  <!---->
  <!---->
  <!---->
  <div
    class="test"
  >
    <!---->
    <!---->
    <!---->
    <!---->
    <!---->
    <!---->
    <!---->
    <!---->
    <!---->
    <!---->
    <!---->
    <p>
      <!---->
      <!---->
      <!---->
      <!---->
      <!---->
      <!---->
      wow
      
      
      
      
      
      
      
    </p>
    
    
    
    
    
    
    
    
    
    
    
    <!---->
  </div>
  
  
  
  
  
  
  
  
  
  
  
</body>
`;

exports[`rich-text-svelte-renderer > renders class with custom renderer 1`] = `
<body>
  <!---->
  <!---->
  <!---->
  <!---->
  <!---->
  <!---->
  <!---->
  <section
    class="bg-white"
  >
    <!---->
    <!---->
    <!---->
    <!---->
    <!---->
    <!---->
    <!---->
    <!---->
    <!---->
    <!---->
    <p>
      <!---->
      <!---->
      <!---->
      <!---->
      <!---->
      <!---->
      wow
      
      
      
      
      
      
      
    </p>
    
    
    
    
    
    
    
    
    
    
    <!---->
  </section>
  
  
  
  
  
  
  
  
</body>
`;

exports[`rich-text-svelte-renderer > renders content 1`] = `
<body>
  <!---->
  <!---->
  <!---->
  <!---->
  <!---->
  <!---->
  <!---->
  <!---->
  <!---->
  <!---->
  <p>
    <!---->
    <!---->
    <!---->
    <!---->
    <!---->
    <!---->
    <!---->
    <!---->
    <!---->
    <b>
      <!---->
      <!---->
      Hello World!
      
      
      
    </b>
    
    
    
    
    
    
    
    
    
    
  </p>
  
  
  
  
  
  
  
  
  
  
  
</body>
`;

exports[`rich-text-svelte-renderer > renders content correctly if received a object with children 1`] = `
<body>
  <!---->
  <!---->
  <!---->
  <!---->
  <!---->
  <!---->
  <!---->
  <!---->
  <!---->
  <!---->
  <p>
    <!---->
    <!---->
    <!---->
    <!---->
    <!---->
    <!---->
    <!---->
    <!---->
    <!---->
    <b>
      <!---->
      <!---->
      Hello World!
      
      
      
    </b>
    
    
    
    
    
    
    
    
    
    
  </p>
  
  
  
  
  
  
  
  
  
  
  
</body>
`;

exports[`rich-text-svelte-renderer > renders content with custom elements 1`] = `
<body>
  <!---->
  <!---->
  <!---->
  <!---->
  <!---->
  <!---->
  <!---->
  <p
    class="text-white"
  >
    <!---->
    <!---->
    <!---->
    <!---->
    <!---->
    <strong
      class="text-black"
    >
      <!---->
      Hello World!
      
      <!---->
    </strong>
    
    
    
    
    
    <!---->
  </p>
   ,
  
  
  
  
  
  
  
  
</body>
`;

exports[`rich-text-svelte-renderer > renders iframe 1`] = `
<body>
  <!---->
  <!---->
  <!---->
  <!---->
  <!---->
  <!---->
  <!---->
  <!---->
  <!---->
  <!---->
  <div
    style="position: relative; overflow: hidden; width: 100%; padding-top: 56.25%;"
  >
    <iframe
      allow="fullscreen"
      frameborder="0"
      loading="lazy"
      referrerpolicy="no-referrer"
      src="https://www.youtube.com/watch?v=Ylmd737tw5w"
      style="position: absolute; top: 0px; bottom: 0px; right: 0px; left: 0px; width: 100%; height: 100%;"
      title=""
    />
  </div>
  
  
  
  
  
  
  
  
  
  
  
</body>
`;

exports[`rich-text-svelte-renderer > renders image 1`] = `
<body>
  <!---->
  <!---->
  <!---->
  <!---->
  <!---->
  <!---->
  <!---->
  <!---->
  <!---->
  <!---->
  <img
    alt="photo-1564631027894-5bdb17618445.jpg"
    height="1000"
    loading="lazy"
    src="https://media.graphassets.com/output=format:webp/resize=,width:667,height:1000/8xrjYm4CR721mAZ1YAoy"
    title="photo-1564631027894-5bdb17618445.jpg"
    width="667"
  />
  
  
  
  
  
  
  
  
  
  
  
</body>
`;

exports[`rich-text-svelte-renderer > renders image with custom renderer 1`] = `
<body>
  <!---->
  <!---->
  <!---->
  <!---->
  <!---->
  <!---->
  <!---->
  <img
    alt="photo-1564631027894-5bdb17618445.jpg"
    src="https://media.graphassets.com/output=format:webp/resize=,width:667,height:1000/8xrjYm4CR721mAZ1YAoy"
  />
  
  
  
  
  
  
  
  
</body>
`;

exports[`rich-text-svelte-renderer > renders inline content 1`] = `
<body>
  <!---->
  <!---->
  <!---->
  <!---->
  <!---->
  <!---->
  <!---->
  <!---->
  <!---->
  <!---->
  <p>
    <!---->
    <!---->
    <!---->
    <!---->
    <!---->
    <!---->
    <!---->
    <!---->
    <!---->
    <b>
      <!---->
      <!---->
      Hey, 
      
      
      
    </b>
    
    
    
    
    
    
    
    <!---->
    <!---->
    <!---->
    <!---->
    <!---->
    <!---->
    <!---->
    <i>
      <!---->
      <!---->
      how
      
      
      
    </i>
    
    
    
    
    
    
    
    <!---->
    <!---->
    <!---->
    <!---->
    <!---->
    <!---->
    <!---->
    <u>
      <!---->
      <!---->
      are
      
      
      
    </u>
    
    
    
    
    
    
    
    <!---->
    <!---->
    <!---->
    <!---->
    <!---->
    <!---->
    <!---->
    <code>
      <!---->
      <!---->
      you?
      
      
      
    </code>
    
    
    
    
    
    
    
    
    
    
  </p>
  
  
  
  
  
  
  
  
  
  
  
</body>
`;

exports[`rich-text-svelte-renderer > renders inline content with custom renderers 1`] = `
<body>
  <!---->
  <!---->
  <!---->
  <!---->
  <!---->
  <!---->
  <!---->
  <!---->
  <!---->
  <!---->
  <p>
    <!---->
    <!---->
    <!---->
    <!---->
    <!---->
    <!---->
    <strong
      class="text-black"
    >
      <!---->
      Hey, 
      
      <!---->
    </strong>
    
    
    
    
    <!---->
    <!---->
    <!---->
    <!---->
    <i
      class="italic-class"
      style="color: red;"
    >
      <!---->
      how
      
      <!---->
    </i>
    
    
    
    
    <!---->
    <!---->
    <!---->
    <!---->
    <u
      role="button"
    >
      <!---->
      are
      
      <!---->
       test
    </u>
    ,
    
    
    
    
    <!---->
    <!---->
    <!---->
    <!---->
    <code
      style="font-style: italic;"
    >
      <!---->
      you?
      
      <!---->
    </code>
    
    
    
    
    
    
    
  </p>
  
  
  
  
  
  
  
  
  
  
  
</body>
`;

exports[`rich-text-svelte-renderer > renders link 1`] = `
<body>
  <!---->
  <!---->
  <!---->
  <!---->
  <!---->
  <!---->
  <!---->
  <!---->
  <!---->
  <!---->
  <a
    class="text-white"
    href="https://hygraph.com"
    id="test"
    rel="noreferrer"
    target="_blank"
    title="Hygraph website"
  >
    <!---->
    <!---->
    <!---->
    <!---->
    <!---->
    <!---->
    Hygraph
    
    
    
    
    
    
    <!---->
  </a>
  
  
  
  
  
  
  
  
  
  
  
</body>
`;

exports[`rich-text-svelte-renderer > renders lists 1`] = `
<body>
  <!---->
  <!---->
  <!---->
  <!---->
  <!---->
  <!---->
  <!---->
  <!---->
  <!---->
  <!---->
  <ul>
    <!---->
    <!---->
    <!---->
    <!---->
    <!---->
    <!---->
    <!---->
    <!---->
    <!---->
    <!---->
    <!---->
    <li>
      <!---->
      <!---->
      <!---->
      <!---->
      <!---->
      <!---->
      <!---->
      <!---->
      <!---->
      <!---->
      <!---->
      <!---->
      <!---->
      <!---->
      <!---->
      Embroided logo
      
      
      
      
      
      
      
      
      
      
      
      
      
      
      
      
    </li>
    
    
    
    
    
    
    
    
    
    <!---->
    <!---->
    <!---->
    <!---->
    <!---->
    <!---->
    <!---->
    <!---->
    <!---->
    <li>
      <!---->
      <!---->
      <!---->
      <!---->
      <!---->
      <!---->
      <!---->
      <!---->
      <!---->
      <!---->
      <!---->
      <!---->
      <!---->
      <!---->
      <!---->
      Fits well
      
      
      
      
      
      
      
      
      
      
      
      
      
      
      
      
    </li>
    
    
    
    
    
    
    
    
    
    <!---->
    <!---->
    <!---->
    <!---->
    <!---->
    <!---->
    <!---->
    <!---->
    <!---->
    <li>
      <!---->
      <!---->
      <!---->
      <!---->
      <!---->
      <!---->
      <!---->
      <!---->
      <!---->
      <!---->
      <!---->
      <!---->
      <!---->
      <!---->
      <!---->
      Comes in black
      
      
      
      
      
      
      
      
      
      
      
      
      
      
      
      
    </li>
    
    
    
    
    
    
    
    
    
    <!---->
    <!---->
    <!---->
    <!---->
    <!---->
    <!---->
    <!---->
    <!---->
    <!---->
    <li>
      <!---->
      <!---->
      <!---->
      <!---->
      <!---->
      <!---->
      <!---->
      <!---->
      <!---->
      <!---->
      <!---->
      <!---->
      <!---->
      <!---->
      <!---->
      Reasonably priced
      
      
      
      
      
      
      
      
      
      
      
      
      
      
      
      
    </li>
    
    
    
    
    
    
    
    
    
    
    
    
  </ul>
  
  
  
  
  
  
  
  
  
  
  
</body>
`;

exports[`rich-text-svelte-renderer > renders video 1`] = `
<body>
  <!---->
  <!---->
  <!---->
  <!---->
  <!---->
  <!---->
  <!---->
  <!---->
  <!---->
  <!---->
  <video
    controls=""
    height="400"
    src="https://media.graphassets.com/oWd7OYr5Q5KGRJW9ujRO"
    title="file_example_MP4_480_1_5MG.m4v"
    width="400"
  >
    <p>
      Your browser doesn't support HTML5 video. Here is a  
      <a
        href="https://media.graphassets.com/oWd7OYr5Q5KGRJW9ujRO"
      >
        link to the video
      </a>
       instead.
    </p>
  </video>
  
  
  
  
  
  
  
  
  
  
  
</body>
`;

exports[`rich-text-svelte-renderer > should not render elements if received a object with empty children 1`] = `
<body>
  <!---->
  <!---->
  <!---->
  <!---->
  <!---->
  <!---->
  <!---->
  <!---->
  <!---->
  <!---->
  <h2>
    <!---->
    <!---->
    <!---->
    <!---->
    <!---->
    <!---->
    
    
    
    
    
    <!---->
    <!---->
    <!---->
    <!---->
    <!---->
    <!---->
    <!---->
    <!---->
    <!---->
    <a
      href="https://hygraph.com"
    >
      <!---->
      <!---->
      <!---->
      <!---->
      <!---->
      <!---->
      Testing Link
      
      
      
      
      
      
      <!---->
    </a>
    
    
    
    
    
    
    
    
    
    
    
    
  </h2>
  
  
  
  
  
  
  
  
  
  <!---->
  <!---->
  <!---->
  <!---->
  <!---->
  <!---->
  <!---->
  <!---->
  <!---->
  <h2>
    <!---->
    <!---->
    <!---->
    <!---->
    <!---->
    <!---->
    
    
    
    
    
    <!---->
    <!---->
    <!---->
    <!---->
    <!---->
    <!---->
    <!---->
    <!---->
    <!---->
    <a
      href="https://hygraph.com"
    >
      <!---->
      <!---->
      <!---->
      <!---->
      <!---->
      <!---->
      Link
      
      
      
      
      
      
      <!---->
    </a>
    
    
    
    
    
    
    
    
    
    <!---->
    <!---->
    <!---->
    <!---->
     2
    
    
    
    
    
    
    
  </h2>
  
  
  
  
  
  
  
  
  
  <!---->
  <!---->
  <!---->
  
  
  
  <!---->
  <!---->
  <!---->
  
  
  
  <!---->
  <!---->
  <!---->
  
  
  
  <!---->
  <!---->
  <!---->
  
  
  
  <!---->
  <!---->
  <!---->
  
  
  
  <!---->
  <!---->
  <!---->
  <!---->
  <!---->
  <!---->
  <!---->
  <!---->
  <!---->
  <table>
    <!---->
    <!---->
    <!---->
    <!---->
    <!---->
    
    
    
    <!---->
    <!---->
    <!---->
    <!---->
    <!---->
    <!---->
    <!---->
    <!---->
    <!---->
    <tbody>
      <!---->
      <!---->
      <!---->
      <!---->
      <!---->
      <!---->
      <!---->
      <!---->
      <!---->
      <!---->
      <!---->
      <tr>
        <!---->
        <!---->
        <!---->
        <!---->
        <!---->
        <!---->
        <!---->
        <!---->
        <!---->
        <!---->
        <!---->
        <td>
          <!---->
          <!---->
          <!---->
          <!---->
          <!---->
          <!---->
          <!---->
          <!---->
          <!---->
          <!---->
          <!---->
          <p>
            <!---->
            <!---->
            <!---->
            <!---->
            <!---->
            <!---->
            Row 1 - Col 1
            
            
            
            
            
            
            
          </p>
          
          
          
          
          
          
          
          
          
          
          
          
        </td>
        
        
        
        
        
        
        
        
        
        <!---->
        <!---->
        <!---->
        <!---->
        <!---->
        <!---->
        <!---->
        <!---->
        <!---->
        <td>
          <!---->
          <!---->
          <!---->
          <!---->
          <!---->
          <!---->
          <!---->
          <!---->
          <!---->
          <!---->
          <!---->
          <p>
            <!---->
            <!---->
            <!---->
            <!---->
            <!---->
            <!---->
            Row 1 - Col 2
            
            
            
            
            
            
            
          </p>
          
          
          
          
          
          
          
          
          
          
          
          
        </td>
        
        
        
        
        
        
        
        
        
        
        
        
      </tr>
      
      
      
      
      
      
      
      
      
      
      
      
    </tbody>
    
    
    
    
    
    
    
    
    
    
    
    
  </table>
  
  
  
  
  
  
  
  
  
  
  
</body>
`;

exports[`rich-text-svelte-renderer > should render a table 1`] = `
<body>
  <!---->
  <!---->
  <!---->
  <!---->
  <!---->
  <!---->
  <!---->
  <!---->
  <!---->
  <!---->
  <table>
    <!---->
    <!---->
    <!---->
    <!---->
    <!---->
    <!---->
    <!---->
    <!---->
    <!---->
    <!---->
    <!---->
    <thead>
      <!---->
      <!---->
      <!---->
      <!---->
      <!---->
      <!---->
      <!---->
      <!---->
      <!---->
      <!---->
      <!---->
      <tr>
        <!---->
        <!---->
        <!---->
        <!---->
        <!---->
        <!---->
        <!---->
        <!---->
        <!---->
        <!---->
        <!---->
        <th>
          <!---->
          <!---->
          <!---->
          <!---->
          <!---->
          <!---->
          <!---->
          <!---->
          <!---->
          <!---->
          <!---->
          <p>
            <!---->
            <!---->
            <!---->
            <!---->
            <!---->
            <!---->
            Row 1 - Header 1
            
            
            
            
            
            
            
          </p>
          
          
          
          
          
          
          
          
          
          
          
          
        </th>
        
        
        
        
        
        
        
        
        
        <!---->
        <!---->
        <!---->
        <!---->
        <!---->
        <!---->
        <!---->
        <!---->
        <!---->
        <th>
          <!---->
          <!---->
          <!---->
          <!---->
          <!---->
          <!---->
          <!---->
          <!---->
          <!---->
          <!---->
          <!---->
          <p>
            <!---->
            <!---->
            <!---->
            <!---->
            <!---->
            <!---->
            Row 1 - Header 2
            
            
            
            
            
            
            
          </p>
          
          
          
          
          
          
          
          
          
          
          
          
        </th>
        
        
        
        
        
        
        
        
        
        
        
        
      </tr>
      
      
      
      
      
      
      
      
      
      
      
      
    </thead>
    
    
    
    
    
    
    
    
    
    <!---->
    <!---->
    <!---->
    <!---->
    <!---->
    <!---->
    <!---->
    <!---->
    <!---->
    <tbody>
      <!---->
      <!---->
      <!---->
      <!---->
      <!---->
      <!---->
      <!---->
      <!---->
      <!---->
      <!---->
      <!---->
      <tr>
        <!---->
        <!---->
        <!---->
        <!---->
        <!---->
        <!---->
        <!---->
        <!---->
        <!---->
        <!---->
        <!---->
        <td>
          <!---->
          <!---->
          <!---->
          <!---->
          <!---->
          <!---->
          <!---->
          <!---->
          <!---->
          <!---->
          <!---->
          <p>
            <!---->
            <!---->
            <!---->
            <!---->
            <!---->
            <!---->
            Row 2 - Col 1
            
            
            
            
            
            
            
          </p>
          
          
          
          
          
          
          
          
          
          
          
          
        </td>
        
        
        
        
        
        
        
        
        
        <!---->
        <!---->
        <!---->
        <!---->
        <!---->
        <!---->
        <!---->
        <!---->
        <!---->
        <td>
          <!---->
          <!---->
          <!---->
          <!---->
          <!---->
          <!---->
          <!---->
          <!---->
          <!---->
          <!---->
          <!---->
          <p>
            <!---->
            <!---->
            <!---->
            <!---->
            <!---->
            <!---->
            Row 2 - Col 2
            
            
            
            
            
            
            
          </p>
          
          
          
          
          
          
          
          
          
          
          
          
        </td>
        
        
        
        
        
        
        
        
        
        
        
        
      </tr>
      
      
      
      
      
      
      
      
      
      
      
      
    </tbody>
    
    
    
    
    
    
    
    
    
    
    
    
  </table>
  
  
  
  
  
  
  
  
  
  
  
</body>
`;

exports[`rich-text-svelte-renderer > should render empty text spaces 1`] = `
<body>
  <!---->
  <!---->
  <!---->
  <!---->
  <!---->
  <!---->
  <!---->
  <!---->
  <!---->
  <!---->
  <p>
    <!---->
    <!---->
    <!---->
    <!---->
    <!---->
    <!---->
    Sweet black 
    
    
    
    
    <!---->
    <!---->
    <!---->
    <!---->
    <!---->
    <!---->
    <!---->
    <b>
      <!---->
      <!---->
      cap
      
      
      
    </b>
    
    
    
    
    
    
    
    <!---->
    <!---->
    <!---->
    <!---->
     
    
    
    
    
    <!---->
    <!---->
    <!---->
    <!---->
    <!---->
    <!---->
    <!---->
    <u>
      <!---->
      <!---->
      with
      
      
      
    </u>
    
    
    
    
    
    
    
    <!---->
    <!---->
    <!---->
    <!---->
     
    
    
    
    
    <!---->
    <!---->
    <!---->
    <!---->
    <!---->
    <!---->
    <!---->
    <i>
      <!---->
      <!---->
      embroidered
      
      
      
    </i>
    
    
    
    
    
    
    
    <!---->
    <!---->
    <!---->
    <!---->
     
    
    
    
    
    <!---->
    <!---->
    <!---->
    <!---->
    <!---->
    <!---->
    <!---->
    <b>
      <!---->
      <!---->
      Hygraph
      
      
      
    </b>
    
    
    
    
    
    
    
    <!---->
    <!---->
    <!---->
    <!---->
     logo.
    
    
    
    
    
    
    
  </p>
  
  
  
  
  
  
  
  
  
  
  
</body>
`;

exports[`rich-text-svelte-renderer > should render superscript and subscript elements 1`] = `
<body>
  <!---->
  <!---->
  <!---->
  <!---->
  <!---->
  <!---->
  <!---->
  <!---->
  <!---->
  <!---->
  <p>
    <!---->
    <!---->
    <!---->
    <!---->
    <!---->
    <!---->
    TEST
    
    
    
    
    <!---->
    <!---->
    <!---->
    <!---->
    <!---->
    <!---->
    <!---->
    <sub>
      <!---->
      <!---->
      T
      
      
      
    </sub>
    
    
    
    
    
    
    
    
    
    
  </p>
  
  
  
  
  
  
  
  
  
  <!---->
  <!---->
  <!---->
  <!---->
  <!---->
  <!---->
  <!---->
  <!---->
  <!---->
  <p>
    <!---->
    <!---->
    <!---->
    <!---->
    <!---->
    <!---->
    TEST
    
    
    
    
    <!---->
    <!---->
    <!---->
    <!---->
    <!---->
    <!---->
    <!---->
    <sup>
      <!---->
      <!---->
      2
      
      
      
    </sup>
    
    
    
    
    
    
    
    
    
    
  </p>
  
  
  
  
  
  
  
  
  
  
  
</body>
`;

exports[`rich-text-svelte-renderer > should replace all 
 in a string with <br /> elements 1`] = `
<body>
  <!---->
  <!---->
  <!---->
  <!---->
  <!---->
  <!---->
  <!---->
  <!---->
  <!---->
  <!---->
  <p>
    <!---->
    <!---->
    <!---->
    <!---->
    <!---->
    <!---->
    <!---->
    Hello, 
    <br />
    <!---->
     My name is joão pedro, 
    <br />
    <!---->
     I'm testing a bug 
    <!---->
    
    
    
    
    
    
    
    
  </p>
  
  
  
  
  
  
  
  
  
  
  
</body>
`;

exports[`rich-text-svelte-renderer > should should render H1 with some text 1`] = `
<body>
  <!---->
  <!---->
  <!---->
  <!---->
  <!---->
  <!---->
  <!---->
  <!---->
  <!---->
  <!---->
  <h1>
    <!---->
    <!---->
    <!---->
    <!---->
    <!---->
    <!---->
    heading
    
    
    
    
    
    
    
  </h1>
  
  
  
  
  
  
  
  
  
  
  
</body>
`;
